[michelbeaulieu.ca/en/index.html]
[backblue.gif]
[fade.gif]
[index.html]
[michelbeaulieu.ca/wp-content/uploads/2024/05/latt-cote-noir.jpg]
[michelbeaulieu.ca/wp-content/uploads/2024/05/og-image-en.jpg]
[michelbeaulieu.ca/wp-content/cache/min/1/wp-content/plugins/sitepress-multilingual-cms/res/js/cookies/language-cookie86eb.js]
[michelbeaulieu.ca/wp-content/plugins/ff-wp-tracking/assets/dist/js/scripts.min9704.js]
[michelbeaulieu.ca/wp-content/themes/fatfish/dist/node-vendor/jquery/dist/jquery.minaf6c.js]
[michelbeaulieu.ca/wp-content/themes/fatfish/dist/node-vendor/ua-parser-js/dist/ua-parser.min75e1.js]
[michelbeaulieu.ca/wp-content/themes/fatfish/dist/node-vendor/lazysizes/lazysizes.min75e1.js]
[michelbeaulieu.ca/wp-content/cache/min/1/ajax/libs/gsap/3.12.2/gsap.min86eb.js]
[michelbeaulieu.ca/wp-content/cache/min/1/ajax/libs/gsap/3.12.2/ScrollTrigger.min86eb.js]
[michelbeaulieu.ca/en/privacy-policy/index.html]
[michelbeaulieu.ca/wp-content/themes/fatfish/dist/scripts/vendors.min75e1.js]
[michelbeaulieu.ca/wp-content/themes/fatfish/dist/scripts/ffscroll.min75e1.js]
[michelbeaulieu.ca/wp-content/themes/fatfish/dist/scripts/swiper-bundle.min75e1.js]
[michelbeaulieu.ca/wp-includes/js/dist/hooks.min4fdd.js]
[michelbeaulieu.ca/wp-includes/js/dist/i18n.minc33c.js]
[michelbeaulieu.ca/wp-content/themes/fatfish/dist/scripts/frontend.min75e1.js]
[michelbeaulieu.ca/en/index.html]
[michelbeaulieu.ca/wp-content/cache/min/1/wp-content/plugins/ff-wp-tracking/assets/dist/css/styles86eb.css]
[michelbeaulieu.ca/wp-content/cache/min/1/wp-content/themes/fatfish/dist/styles/vendors.min86eb.css]
[michelbeaulieu.ca/wp-content/cache/min/1/wp-content/themes/fatfish/dist/styles/frontend.min86eb.css]
[michelbeaulieu.ca/wp-content/uploads/2024/05/latt-cote-blanc-1000x542.jpg]
[michelbeaulieu.ca/en/privacy-policy/index.html]
